#
# There is insufficient memory for the Java Runtime Environment to continue.
# Native memory allocation (malloc) failed to allocate 1485776 bytes. Error detail: Chunk::new
# Possible reasons:
#   The system is out of physical RAM or swap space
#   This process is running with CompressedOops enabled, and the Java Heap may be blocking the growth of the native heap
# Possible solutions:
#   Reduce memory load on the system
#   Increase physical memory or swap space
#   Check if swap backing store is full
#   Decrease Java heap size (-Xmx/-Xms)
#   Decrease number of Java threads
#   Decrease Java thread stack sizes (-Xss)
#   Set larger code cache with -XX:ReservedCodeCacheSize=
#   JVM is running with Zero Based Compressed Oops mode in which the Java heap is
#     placed in the first 32GB address space. The Java Heap base address is the
#     maximum limit for the native heap growth. Please use -XX:HeapBaseMinAddress
#     to set the Java Heap base and to place the Java Heap above 32GB virtual address.
# This output file may be truncated or incomplete.
#
#  Out of Memory Error (arena.cpp:162), pid=24452, tid=17284
#
# JRE version: OpenJDK Runtime Environment (24.0+36) (build 24+36-3646)
# Java VM: OpenJDK 64-Bit Server VM (24+36-3646, mixed mode, sharing, tiered, compressed oops, compressed class ptrs, g1 gc, windows-amd64)
# No core dump will be written. Minidumps are not enabled by default on client versions of Windows
#

---------------  S U M M A R Y ------------

Command Line: -javaagent:C:\Program Files\JetBrains\IntelliJ IDEA Community Edition 2024.3.5\lib\idea_rt.jar=57847 -Dfile.encoding=UTF-8 -Dsun.stdout.encoding=UTF-8 -Dsun.stderr.encoding=UTF-8 com.Webshop.ClassAssignment.ItVitae.Webshop.WebshopApplication

Host: Intel(R) Core(TM) i7-9750H CPU @ 2.60GHz, 12 cores, 15G,  Windows 11 , 64 bit Build 26100 (10.0.26100.7309)
Time: Thu Jan  8 11:36:13 2026 West-Europa (standaardtijd) elapsed time: 12.175129 seconds (0d 0h 0m 12s)

---------------  T H R E A D  ---------------

Current thread (0x00000291548ff4a0):  JavaThread "C2 CompilerThread1" daemon [_thread_in_native, id=17284, stack(0x000000ed37500000,0x000000ed37600000) (1024K)]


Current CompileTask:
C2:12175 4842       4       org.springframework.core.annotation.TypeMappedAnnotations::get (52 bytes)

Stack: [0x000000ed37500000,0x000000ed37600000]
Native frames: (J=compiled Java code, j=interpreted, Vv=VM code, C=native code)
V  [jvm.dll+0x7308c9]  (no source info available)
V  [jvm.dll+0x8d9ca3]  (no source info available)
V  [jvm.dll+0x8dc13d]  (no source info available)
V  [jvm.dll+0x8dc7b3]  (no source info available)
V  [jvm.dll+0x2aa046]  (no source info available)
V  [jvm.dll+0xced8f]  (no source info available)
V  [jvm.dll+0xcefef]  (no source info available)
V  [jvm.dll+0x3f37a2]  (no source info available)
V  [jvm.dll+0x3c01a0]  (no source info available)
V  [jvm.dll+0x3bf62a]  (no source info available)
V  [jvm.dll+0x26f737]  (no source info available)
V  [jvm.dll+0x26e9ff]  (no source info available)
V  [jvm.dll+0x1e9d00]  (no source info available)
V  [jvm.dll+0x27e1bb]  (no source info available)
V  [jvm.dll+0x27c45a]  (no source info available)
V  [jvm.dll+0x42f566]  (no source info available)
V  [jvm.dll+0x87d8fb]  (no source info available)
V  [jvm.dll+0x72efe5]  (no source info available)
C  [ucrtbase.dll+0x37b0]  (no source info available)
C  [KERNEL32.DLL+0x2e8d7]  (no source info available)
C  [ntdll.dll+0x8c53c]  (no source info available)

Lock stack of current Java thread (top to bottom):


---------------  P R O C E S S  ---------------

Threads class SMR info:
_java_thread_list=0x000002915727f700, length=19, elements={
0x000002916924aa30, 0x00000291540120a0, 0x00000291540147f0, 0x0000029154015a00,
0x0000029154016530, 0x00000291540181a0, 0x0000029154018cd0, 0x0000029154025260,
0x0000029154056fa0, 0x00000291540f81d0, 0x000002915461b7a0, 0x000002915461c0f0,
0x00000291548ff4a0, 0x0000029154ea48f0, 0x0000029154ea9e20, 0x0000029156b3c840,
0x0000029156277260, 0x0000029156276b10, 0x00000291562763c0
}

Java Threads: ( => current thread )
  0x000002916924aa30 JavaThread "main"                              [_thread_blocked, id=12172, stack(0x000000ed36200000,0x000000ed36300000) (1024K)]
  0x00000291540120a0 JavaThread "Reference Handler"          daemon [_thread_blocked, id=8144, stack(0x000000ed36a00000,0x000000ed36b00000) (1024K)]
  0x00000291540147f0 JavaThread "Finalizer"                  daemon [_thread_blocked, id=24456, stack(0x000000ed36b00000,0x000000ed36c00000) (1024K)]
  0x0000029154015a00 JavaThread "Signal Dispatcher"          daemon [_thread_blocked, id=15772, stack(0x000000ed36c00000,0x000000ed36d00000) (1024K)]
  0x0000029154016530 JavaThread "Attach Listener"            daemon [_thread_blocked, id=18020, stack(0x000000ed36d00000,0x000000ed36e00000) (1024K)]
  0x00000291540181a0 JavaThread "Service Thread"             daemon [_thread_blocked, id=24312, stack(0x000000ed36e00000,0x000000ed36f00000) (1024K)]
  0x0000029154018cd0 JavaThread "Monitor Deflation Thread"   daemon [_thread_blocked, id=22080, stack(0x000000ed36f00000,0x000000ed37000000) (1024K)]
  0x0000029154025260 JavaThread "C2 CompilerThread0"         daemon [_thread_in_native, id=19208, stack(0x000000ed37000000,0x000000ed37100000) (1024K)]
  0x0000029154056fa0 JavaThread "C1 CompilerThread0"         daemon [_thread_blocked, id=22920, stack(0x000000ed37100000,0x000000ed37200000) (1024K)]
  0x00000291540f81d0 JavaThread "Common-Cleaner"             daemon [_thread_blocked, id=22792, stack(0x000000ed37200000,0x000000ed37300000) (1024K)]
  0x000002915461b7a0 JavaThread "Monitor Ctrl-Break"         daemon [_thread_in_native, id=8888, stack(0x000000ed37300000,0x000000ed37400000) (1024K)]
  0x000002915461c0f0 JavaThread "Notification Thread"        daemon [_thread_blocked, id=21860, stack(0x000000ed37400000,0x000000ed37500000) (1024K)]
=>0x00000291548ff4a0 JavaThread "C2 CompilerThread1"         daemon [_thread_in_native, id=17284, stack(0x000000ed37500000,0x000000ed37600000) (1024K)]
  0x0000029154ea48f0 JavaThread "Thread-0"                          [_thread_blocked, id=19924, stack(0x000000ed37700000,0x000000ed37800000) (1024K)]
  0x0000029154ea9e20 JavaThread "restartedMain"                     [_thread_in_native, id=20800, stack(0x000000ed37800000,0x000000ed37900000) (1024K)]
  0x0000029156b3c840 JavaThread "C2 CompilerThread2"         daemon [_thread_in_native, id=22272, stack(0x000000ed37600000,0x000000ed37700000) (1024K)]
  0x0000029156277260 JavaThread "Catalina-utility-1"                [_thread_blocked, id=25136, stack(0x000000ed37900000,0x000000ed37a00000) (1024K)]
  0x0000029156276b10 JavaThread "Catalina-utility-2"                [_thread_blocked, id=19932, stack(0x000000ed38100000,0x000000ed38200000) (1024K)]
  0x00000291562763c0 JavaThread "container-0"                       [_thread_blocked, id=25032, stack(0x000000ed38600000,0x000000ed38700000) (1024K)]
Total: 19

Other Threads:
  0x000002917730f460 VMThread "VM Thread"                           [id=1988, stack(0x000000ed36900000,0x000000ed36a00000) (1024K)]
  0x00000291773007b0 WatcherThread "VM Periodic Task Thread"        [id=18264, stack(0x000000ed36800000,0x000000ed36900000) (1024K)]
  0x00000291692b44d0 WorkerThread "GC Thread#0"                     [id=344, stack(0x000000ed36300000,0x000000ed36400000) (1024K)]
  0x00000291550d9790 WorkerThread "GC Thread#1"                     [id=13580, stack(0x000000ed37a00000,0x000000ed37b00000) (1024K)]
  0x00000291550d9b40 WorkerThread "GC Thread#2"                     [id=14116, stack(0x000000ed37b00000,0x000000ed37c00000) (1024K)]
  0x00000291550d9ef0 WorkerThread "GC Thread#3"                     [id=10176, stack(0x000000ed37c00000,0x000000ed37d00000) (1024K)]
  0x0000029154fa24c0 WorkerThread "GC Thread#4"                     [id=22400, stack(0x000000ed37d00000,0x000000ed37e00000) (1024K)]
  0x0000029154fa2870 WorkerThread "GC Thread#5"                     [id=24548, stack(0x000000ed37e00000,0x000000ed37f00000) (1024K)]
  0x0000029154fa2c20 WorkerThread "GC Thread#6"                     [id=9664, stack(0x000000ed37f00000,0x000000ed38000000) (1024K)]
  0x0000029154fa2fd0 WorkerThread "GC Thread#7"                     [id=25080, stack(0x000000ed38000000,0x000000ed38100000) (1024K)]
  0x00000291550895c0 WorkerThread "GC Thread#8"                     [id=21212, stack(0x000000ed38200000,0x000000ed38300000) (1024K)]
  0x0000029155089210 WorkerThread "GC Thread#9"                     [id=19064, stack(0x000000ed38300000,0x000000ed38400000) (1024K)]
  0x00000291692c2210 ConcurrentGCThread "G1 Main Marker"            [id=23684, stack(0x000000ed36400000,0x000000ed36500000) (1024K)]
  0x00000291692c2bc0 WorkerThread "G1 Conc#0"                       [id=24128, stack(0x000000ed36500000,0x000000ed36600000) (1024K)]
  0x000002915508a480 WorkerThread "G1 Conc#1"                       [id=2864, stack(0x000000ed38400000,0x000000ed38500000) (1024K)]
  0x000002915508a830 WorkerThread "G1 Conc#2"                       [id=5764, stack(0x000000ed38500000,0x000000ed38600000) (1024K)]
  0x00000291692fe640 ConcurrentGCThread "G1 Refine#0"               [id=22992, stack(0x000000ed36600000,0x000000ed36700000) (1024K)]
  0x00000291771bc1c0 ConcurrentGCThread "G1 Service"                [id=25140, stack(0x000000ed36700000,0x000000ed36800000) (1024K)]
Total: 18

Threads with active compile tasks:
C2 CompilerThread0  14343 4883       4       org.springframework.core.annotation.AnnotationsScanner::process (55 bytes)
C2 CompilerThread1  14343 4842       4       org.springframework.core.annotation.TypeMappedAnnotations::get (52 bytes)
C2 CompilerThread2  14343 4931   !   4       org.springframework.core.annotation.AnnotationsScanner::processMethodHierarchy (276 bytes)
Total: 3

VM state: not at safepoint (normal execution)

VM Mutex/Monitor currently owned by a thread: None

Heap address: 0x0000000702800000, size: 4056 MB, Compressed Oops mode: Zero based, Oop shift amount: 3

CDS archive(s) mapped at: [0x000002910f000000-0x000002910fd40000-0x000002910fd40000), size 13893632, SharedBaseAddress: 0x000002910f000000, ArchiveRelocationMode: 1.
Compressed class space mapped at: 0x0000029110000000-0x0000029150000000, reserved size: 1073741824
UseCompressedClassPointers 1, UseCompactObjectHeaders 0
Narrow klass pointer bits 32, Max shift 3
Narrow klass base: 0x000002910f000000, Narrow klass shift: 0
Encoding Range: [0x000002910f000000 - 0x000002920f000000), (4294967296 bytes)
Klass Range:    [0x000002910f000000 - 0x0000029150000000), (1090519040 bytes)
Klass ID Range:  [8 - 1090519033) (1090519025)

GC Precious Log:
 CardTable entry size: 512
 Card Set container configuration: InlinePtr #cards 4 size 8 Array Of Cards #cards 16 size 48 Howl #buckets 8 coarsen threshold 3686 Howl Bitmap #cards 512 size 80 coarsen threshold 460 Card regions per heap region 1 cards per card region 4096
 CPUs: 12 total, 12 available
 Memory: 16221M
 Large Page Support: Disabled
 NUMA Support: Disabled
 Compressed Oops: Enabled (Zero based)
 Heap Region Size: 2M
 Heap Min Capacity: 8M
 Heap Initial Capacity: 254M
 Heap Max Capacity: 4056M
 Pre-touch: Disabled
 Parallel Workers: 10
 Concurrent Workers: 3
 Concurrent Refinement Workers: 10
 Periodic GC: Disabled

Heap:
 garbage-first heap   total reserved 4153344K, committed 81920K, used 26659K [0x0000000702800000, 0x0000000800000000)
  region size 2048K, 5 young (10240K), 3 survivors (6144K)
 Metaspace       used 36500K, committed 36992K, reserved 1114112K
  class space    used 3826K, committed 4032K, reserved 1048576K

Heap Regions: E=young(eden), S=young(survivor), O=old, HS=humongous(starts), HC=humongous(continues), CS=collection set, F=free, TAMS=top-at-mark-start, PB=parsable bottom
|   0|0x0000000702800000, 0x0000000702a00000, 0x0000000702a00000|100%| O|  |TAMS 0x0000000702800000| PB 0x0000000702800000| Untracked |  0
|   1|0x0000000702a00000, 0x0000000702a48800, 0x0000000702c00000| 14%| O|Cm|TAMS 0x0000000702a00000| PB 0x0000000702a00000| Complete |  0
|   2|0x0000000702c00000, 0x0000000702e00000, 0x0000000702e00000|100%| O|  |TAMS 0x0000000702c00000| PB 0x0000000702c00000| Untracked |  0
|   3|0x0000000702e00000, 0x0000000703000000, 0x0000000703000000|100%| O|  |TAMS 0x0000000702e00000| PB 0x0000000702e00000| Untracked |  0
|   4|0x0000000703000000, 0x0000000703200000, 0x0000000703200000|100%| O|  |TAMS 0x0000000703000000| PB 0x0000000703000000| Untracked |  0
|   5|0x0000000703200000, 0x0000000703400000, 0x0000000703400000|100%| O|  |TAMS 0x0000000703200000| PB 0x0000000703200000| Untracked |  0
|   6|0x0000000703400000, 0x00000007034ff640, 0x0000000703600000| 49%| O|  |TAMS 0x0000000703400000| PB 0x0000000703400000| Untracked |  0
|   7|0x0000000703600000, 0x0000000703600000, 0x0000000703800000|  0%| F|  |TAMS 0x0000000703600000| PB 0x0000000703600000| Untracked |  0
|   8|0x0000000703800000, 0x0000000703800000, 0x0000000703a00000|  0%| F|  |TAMS 0x0000000703800000| PB 0x0000000703800000| Untracked |  0
|   9|0x0000000703a00000, 0x0000000703a00000, 0x0000000703c00000|  0%| F|  |TAMS 0x0000000703a00000| PB 0x0000000703a00000| Untracked |  0
|  10|0x0000000703c00000, 0x0000000703c00000, 0x0000000703e00000|  0%| F|  |TAMS 0x0000000703c00000| PB 0x0000000703c00000| Untracked |  0
|  11|0x0000000703e00000, 0x0000000703e00000, 0x0000000704000000|  0%| F|  |TAMS 0x0000000703e00000| PB 0x0000000703e00000| Untracked |  0
|  12|0x0000000704000000, 0x0000000704000000, 0x0000000704200000|  0%| F|  |TAMS 0x0000000704000000| PB 0x0000000704000000| Untracked |  0
|  13|0x0000000704200000, 0x0000000704200000, 0x0000000704400000|  0%| F|  |TAMS 0x0000000704200000| PB 0x0000000704200000| Untracked |  0
|  14|0x0000000704400000, 0x0000000704400000, 0x0000000704600000|  0%| F|  |TAMS 0x0000000704400000| PB 0x0000000704400000| Untracked |  0
|  15|0x0000000704600000, 0x0000000704600000, 0x0000000704800000|  0%| F|  |TAMS 0x0000000704600000| PB 0x0000000704600000| Untracked |  0
|  16|0x0000000704800000, 0x0000000704800000, 0x0000000704a00000|  0%| F|  |TAMS 0x0000000704800000| PB 0x0000000704800000| Untracked |  0
|  17|0x0000000704a00000, 0x0000000704a00000, 0x0000000704c00000|  0%| F|  |TAMS 0x0000000704a00000| PB 0x0000000704a00000| Untracked |  0
|  18|0x0000000704c00000, 0x0000000704c00000, 0x0000000704e00000|  0%| F|  |TAMS 0x0000000704c00000| PB 0x0000000704c00000| Untracked |  0
|  19|0x0000000704e00000, 0x0000000704e00000, 0x0000000705000000|  0%| F|  |TAMS 0x0000000704e00000| PB 0x0000000704e00000| Untracked |  0
|  20|0x0000000705000000, 0x0000000705000000, 0x0000000705200000|  0%| F|  |TAMS 0x0000000705000000| PB 0x0000000705000000| Untracked |  0
|  21|0x0000000705200000, 0x0000000705200000, 0x0000000705400000|  0%| F|  |TAMS 0x0000000705200000| PB 0x0000000705200000| Untracked |  0
|  22|0x0000000705400000, 0x0000000705400000, 0x0000000705600000|  0%| F|  |TAMS 0x0000000705400000| PB 0x0000000705400000| Untracked |  0
|  23|0x0000000705600000, 0x00000007056c1188, 0x0000000705800000| 37%| S|CS|TAMS 0x0000000705600000| PB 0x0000000705600000| Complete |  0
|  24|0x0000000705800000, 0x0000000705a00000, 0x0000000705a00000|100%| S|CS|TAMS 0x0000000705800000| PB 0x0000000705800000| Complete |  0
|  25|0x0000000705a00000, 0x0000000705c00000, 0x0000000705c00000|100%| S|CS|TAMS 0x0000000705a00000| PB 0x0000000705a00000| Complete |  0
|  26|0x0000000705c00000, 0x0000000705c00000, 0x0000000705e00000|  0%| F|  |TAMS 0x0000000705c00000| PB 0x0000000705c00000| Untracked |  0
|  27|0x0000000705e00000, 0x0000000705e00000, 0x0000000706000000|  0%| F|  |TAMS 0x0000000705e00000| PB 0x0000000705e00000| Untracked |  0
|  96|0x000000070e800000, 0x000000070e800000, 0x000000070ea00000|  0%| F|  |TAMS 0x000000070e800000| PB 0x000000070e800000| Untracked |  0
|  97|0x000000070ea00000, 0x000000070ea00000, 0x000000070ec00000|  0%| F|  |TAMS 0x000000070ea00000| PB 0x000000070ea00000| Untracked |  0
|  98|0x000000070ec00000, 0x000000070ec00000, 0x000000070ee00000|  0%| F|  |TAMS 0x000000070ec00000| PB 0x000000070ec00000| Untracked |  0
|  99|0x000000070ee00000, 0x000000070ee00000, 0x000000070f000000|  0%| F|  |TAMS 0x000000070ee00000| PB 0x000000070ee00000| Untracked |  0
| 103|0x000000070f600000, 0x000000070f600000, 0x000000070f800000|  0%| F|  |TAMS 0x000000070f600000| PB 0x000000070f600000| Untracked |  0
| 104|0x000000070f800000, 0x000000070f800000, 0x000000070fa00000|  0%| F|  |TAMS 0x000000070f800000| PB 0x000000070f800000| Untracked |  0
| 126|0x0000000712400000, 0x00000007125a5bd0, 0x0000000712600000| 82%| E|  |TAMS 0x0000000712400000| PB 0x0000000712400000| Complete |  0
|2023|0x00000007ff600000, 0x00000007ff800000, 0x00000007ff800000|100%| O|  |TAMS 0x00000007ff600000| PB 0x00000007ff600000| Untracked |  0
|2024|0x00000007ff800000, 0x00000007ffa00000, 0x00000007ffa00000|100%| O|  |TAMS 0x00000007ff800000| PB 0x00000007ff800000| Untracked |  0
|2025|0x00000007ffa00000, 0x00000007ffc00000, 0x00000007ffc00000|100%| O|  |TAMS 0x00000007ffa00000| PB 0x00000007ffa00000| Untracked |  0
|2026|0x00000007ffc00000, 0x00000007ffe00000, 0x00000007ffe00000|100%| O|  |TAMS 0x00000007ffc00000| PB 0x00000007ffc00000| Untracked |  0
|2027|0x00000007ffe00000, 0x0000000800000000, 0x0000000800000000|100%| E|CS|TAMS 0x00000007ffe00000| PB 0x00000007ffe00000| Complete |  0

Card table byte_map: [0x0000029172940000,0x0000029173130000] _byte_map_base: 0x000002916f12c000

Marking Bits: (CMBitMap*) 0x00000291692b4be0
 Bits: [0x0000029173130000, 0x0000029177090000)

Polling page: 0x0000029167060000

Metaspace:

Usage:
  Non-class:     31.92 MB used.
      Class:      3.74 MB used.
       Both:     35.66 MB used.

Virtual space:
  Non-class space:       64.00 MB reserved,      32.19 MB ( 50%) committed,  1 nodes.
      Class space:        1.00 GB reserved,       3.94 MB ( <1%) committed,  1 nodes.
             Both:        1.06 GB reserved,      36.12 MB (  3%) committed. 

Chunk freelists:
   Non-Class:  15.28 MB
       Class:  11.95 MB
        Both:  27.23 MB

MaxMetaspaceSize: unlimited
CompressedClassSpaceSize: 1.00 GB
Initial GC threshold: 21.00 MB
Current GC threshold: 58.88 MB
CDS: on
 - commit_granule_bytes: 65536.
 - commit_granule_words: 8192.
 - virtual_space_node_default_size: 8388608.
 - enlarge_chunks_in_place: 1.
UseCompressedClassPointers 1, UseCompactObjectHeaders 0
Narrow klass pointer bits 32, Max shift 3
Narrow klass base: 0x000002910f000000, Narrow klass shift: 0
Encoding Range: [0x000002910f000000 - 0x000002920f000000), (4294967296 bytes)
Klass Range:    [0x000002910f000000 - 0x0000029150000000), (1090519040 bytes)
Klass ID Range:  [8 - 1090519033) (1090519025)


Internal statistics:

num_allocs_failed_limit: 8.
num_arena_births: 518.
num_arena_deaths: 0.
num_vsnodes_births: 2.
num_vsnodes_deaths: 0.
num_space_committed: 578.
num_space_uncommitted: 0.
num_chunks_returned_to_freelist: 8.
num_chunks_taken_from_freelist: 1771.
num_chunk_merges: 8.
num_chunk_splits: 1216.
num_chunks_enlarged: 932.
num_inconsistent_stats: 0.

CodeHeap 'non-profiled nmethods': size=120064Kb used=2141Kb max_used=2289Kb free=117922Kb
 bounds [0x0000029107ac0000, 0x0000029107d30000, 0x000002910f000000]
CodeHeap 'profiled nmethods': size=120000Kb used=8408Kb max_used=9255Kb free=111591Kb
 bounds [0x0000029100000000, 0x0000029100910000, 0x0000029107530000]
CodeHeap 'non-nmethods': size=5696Kb used=1418Kb max_used=1458Kb free=4277Kb
 bounds [0x0000029107530000, 0x00000291077a0000, 0x0000029107ac0000]
CodeCache: size=245760Kb, used=11967Kb, max_used=13002Kb, free=233790Kb
 total_blobs=5159, nmethods=4581, adapters=482, full_count=0
Compilation: enabled, stopped_count=0, restarted_count=0

Compilation events (20 events):
Event: 11.110 Thread 0x0000029154056fa0 4963       3       java.nio.file.FileTreeIterator::hasNext (35 bytes)
Event: 11.110 Thread 0x0000029154056fa0 nmethod 4963 0x00000291008df188 code [0x00000291008df2e0, 0x00000291008df638]
Event: 11.111 Thread 0x0000029154056fa0 4971       3       org.springframework.core.type.AnnotationMetadata::hasAnnotation (13 bytes)
Event: 11.111 Thread 0x0000029154056fa0 nmethod 4971 0x00000291008df688 code [0x00000291008df7c0, 0x00000291008dfa60]
Event: 11.111 Thread 0x0000029154056fa0 4972       3       org.springframework.core.type.filter.AnnotationTypeFilter::matchSelf (52 bytes)
Event: 11.112 Thread 0x0000029154056fa0 nmethod 4972 0x00000291008dfa88 code [0x00000291008dfc00, 0x00000291008e02f8]
Event: 11.113 Thread 0x0000029154056fa0 4968       3       org.springframework.util.AntPathMatcher::tokenizePattern (91 bytes)
Event: 11.114 Thread 0x0000029154056fa0 nmethod 4968 0x00000291008e0388 code [0x00000291008e0540, 0x00000291008e1030]
Event: 11.114 Thread 0x0000029154056fa0 4973       3       org.springframework.aop.framework.autoproxy.AutoProxyUtils::isOriginalInstance (55 bytes)
Event: 11.115 Thread 0x0000029156b3c840 nmethod 4886 0x0000029107cf4688 code [0x0000029107cf4d80, 0x0000029107cf9e00]
Event: 11.116 Thread 0x0000029154056fa0 nmethod 4973 0x00000291008e1088 code [0x00000291008e12a0, 0x00000291008e2678]
Event: 11.117 Thread 0x0000029154056fa0 4974       3       java.lang.Throwable::<init> (48 bytes)
Event: 11.118 Thread 0x0000029154056fa0 nmethod 4974 0x00000291008e2708 code [0x00000291008e2860, 0x00000291008e2d50]
Event: 11.118 Thread 0x0000029154056fa0 4975       1       java.lang.reflect.Method::getMethodAccessor (5 bytes)
Event: 11.118 Thread 0x0000029154056fa0 nmethod 4975 0x0000029107cfa288 code [0x0000029107cfa380, 0x0000029107cfa448]
Event: 11.132 Thread 0x0000029156b3c840 4905       4       java.lang.PublicMethods$MethodList::filter (104 bytes)
Event: 11.142 Thread 0x0000029154056fa0 4976   !   3       ch.qos.logback.classic.LoggerContext::getLogger (164 bytes)
Event: 11.144 Thread 0x0000029154056fa0 nmethod 4976 0x00000291008e2d88 code [0x00000291008e2f60, 0x00000291008e3b68]
Event: 11.155 Thread 0x0000029156b3c840 nmethod 4905 0x0000029107cfa588 code [0x0000029107cfa6e0, 0x0000029107cfb0e8]
Event: 11.158 Thread 0x0000029156b3c840 4931   !   4       org.springframework.core.annotation.AnnotationsScanner::processMethodHierarchy (276 bytes)

GC Heap History (8 events):
Event: 6.246 GC heap before
{Heap before GC invocations=0 (full 0):
 garbage-first heap   total reserved 4153344K, committed 262144K, used 48240K [0x0000000702800000, 0x0000000800000000)
  region size 2048K, 24 young (49152K), 0 survivors (0K)
 Metaspace       used 10183K, committed 10432K, reserved 1114112K
  class space    used 1091K, committed 1216K, reserved 1048576K
}
Event: 6.254 GC heap after
{Heap after GC invocations=1 (full 0):
 garbage-first heap   total reserved 4153344K, committed 262144K, used 9618K [0x0000000702800000, 0x0000000800000000)
  region size 2048K, 3 young (6144K), 3 survivors (6144K)
 Metaspace       used 10183K, committed 10432K, reserved 1114112K
  class space    used 1091K, committed 1216K, reserved 1048576K
}
Event: 7.456 GC heap before
{Heap before GC invocations=1 (full 0):
 garbage-first heap   total reserved 4153344K, committed 262144K, used 52626K [0x0000000702800000, 0x0000000800000000)
  region size 2048K, 25 young (51200K), 3 survivors (6144K)
 Metaspace       used 21303K, committed 21504K, reserved 1114112K
  class space    used 2216K, committed 2304K, reserved 1048576K
}
Event: 7.466 GC heap after
{Heap after GC invocations=2 (full 0):
 garbage-first heap   total reserved 4153344K, committed 262144K, used 15298K [0x0000000702800000, 0x0000000800000000)
  region size 2048K, 6 young (12288K), 6 survivors (12288K)
 Metaspace       used 21303K, committed 21504K, reserved 1114112K
  class space    used 2216K, committed 2304K, reserved 1048576K
}
Event: 9.065 GC heap before
{Heap before GC invocations=3 (full 0):
 garbage-first heap   total reserved 4153344K, committed 61440K, used 58306K [0x0000000702800000, 0x0000000800000000)
  region size 2048K, 27 young (55296K), 6 survivors (12288K)
 Metaspace       used 27443K, committed 27712K, reserved 1114112K
  class space    used 2788K, committed 2944K, reserved 1048576K
}
Event: 9.083 GC heap after
{Heap after GC invocations=4 (full 0):
 garbage-first heap   total reserved 4153344K, committed 81920K, used 20713K [0x0000000702800000, 0x0000000800000000)
  region size 2048K, 6 young (12288K), 6 survivors (12288K)
 Metaspace       used 27443K, committed 27712K, reserved 1114112K
  class space    used 2788K, committed 2944K, reserved 1048576K
}
Event: 10.615 GC heap before
{Heap before GC invocations=4 (full 0):
 garbage-first heap   total reserved 4153344K, committed 81920K, used 53481K [0x0000000702800000, 0x0000000800000000)
  region size 2048K, 22 young (45056K), 6 survivors (12288K)
 Metaspace       used 32692K, committed 33088K, reserved 1114112K
  class space    used 3420K, committed 3584K, reserved 1048576K
}
Event: 10.623 GC heap after
{Heap after GC invocations=5 (full 0):
 garbage-first heap   total reserved 4153344K, committed 81920K, used 23791K [0x0000000702800000, 0x0000000800000000)
  region size 2048K, 2 young (4096K), 2 survivors (4096K)
 Metaspace       used 32692K, committed 33088K, reserved 1114112K
  class space    used 3420K, committed 3584K, reserved 1048576K
}

Dll operation events (12 events):
Event: 0.041 Loaded shared library C:\Users\thoma\.jdks\openjdk-24\bin\java.dll
Event: 0.069 Loaded shared library C:\Users\thoma\.jdks\openjdk-24\bin\jsvml.dll
Event: 0.171 Loaded shared library C:\Users\thoma\.jdks\openjdk-24\bin\zip.dll
Event: 0.173 Loaded shared library C:\Users\thoma\.jdks\openjdk-24\bin\instrument.dll
Event: 0.176 Loaded shared library C:\Users\thoma\.jdks\openjdk-24\bin\net.dll
Event: 0.178 Loaded shared library C:\Users\thoma\.jdks\openjdk-24\bin\nio.dll
Event: 0.182 Loaded shared library C:\Users\thoma\.jdks\openjdk-24\bin\zip.dll
Event: 4.822 Loaded shared library C:\Users\thoma\.jdks\openjdk-24\bin\extnet.dll
Event: 4.858 Loaded shared library C:\Users\thoma\.jdks\openjdk-24\bin\jimage.dll
Event: 5.367 Loaded shared library C:\Users\thoma\.jdks\openjdk-24\bin\management.dll
Event: 5.369 Loaded shared library C:\Users\thoma\.jdks\openjdk-24\bin\management_ext.dll
Event: 7.431 Loaded shared library C:\Users\thoma\.jdks\openjdk-24\bin\sunmscapi.dll

Deoptimization events (20 events):
Event: 10.932 Thread 0x0000029154ea9e20 Uncommon trap: trap_request=0xffffff66 fr.pc=0x0000029107c66ee0 relative=0x0000000000000500
Event: 10.932 Thread 0x0000029154ea9e20 Uncommon trap: reason=speculate_class_check action=maybe_recompile pc=0x0000029107c66ee0 method=java.lang.String.<init>(Ljava/lang/AbstractStringBuilder;Ljava/lang/Void;)V @ 10 c2
Event: 10.932 Thread 0x0000029154ea9e20 DEOPT PACKING pc=0x0000029107c66ee0 sp=0x000000ed378fe920
Event: 10.932 Thread 0x0000029154ea9e20 DEOPT UNPACKING pc=0x0000029107647a82 sp=0x000000ed378fe8f0 mode 2
Event: 10.935 Thread 0x0000029154ea9e20 Uncommon trap: trap_request=0xffffff54 fr.pc=0x0000029107c6e418 relative=0x0000000000000478
Event: 10.935 Thread 0x0000029154ea9e20 Uncommon trap: reason=speculate_null_assert action=make_not_entrant pc=0x0000029107c6e418 method=org.springframework.core.SimpleAliasRegistry.canonicalName(Ljava/lang/String;)Ljava/lang/String; @ 17 c2
Event: 10.935 Thread 0x0000029154ea9e20 DEOPT PACKING pc=0x0000029107c6e418 sp=0x000000ed378fec80
Event: 10.935 Thread 0x0000029154ea9e20 DEOPT UNPACKING pc=0x0000029107647a82 sp=0x000000ed378febc8 mode 2
Event: 10.935 Thread 0x0000029154ea9e20 Uncommon trap: trap_request=0xffffff54 fr.pc=0x0000029107cae8e8 relative=0x0000000000001a28
Event: 10.935 Thread 0x0000029154ea9e20 Uncommon trap: reason=speculate_null_assert action=make_not_entrant pc=0x0000029107cae8e8 method=org.springframework.core.SimpleAliasRegistry.canonicalName(Ljava/lang/String;)Ljava/lang/String; @ 17 c2
Event: 10.935 Thread 0x0000029154ea9e20 DEOPT PACKING pc=0x0000029107cae8e8 sp=0x000000ed378febc0
Event: 10.935 Thread 0x0000029154ea9e20 DEOPT UNPACKING pc=0x0000029107647a82 sp=0x000000ed378feaa8 mode 2
Event: 10.977 Thread 0x0000029154ea9e20 Uncommon trap: trap_request=0xffffff66 fr.pc=0x0000029107be3294 relative=0x0000000000006254
Event: 10.977 Thread 0x0000029154ea9e20 Uncommon trap: reason=speculate_class_check action=maybe_recompile pc=0x0000029107be3294 method=jdk.internal.loader.BuiltinClassLoader.loadClassOrNull(Ljava/lang/String;)Ljava/lang/Class; @ 3 c2
Event: 10.977 Thread 0x0000029154ea9e20 DEOPT PACKING pc=0x0000029107be3294 sp=0x000000ed378f8d50
Event: 10.977 Thread 0x0000029154ea9e20 DEOPT UNPACKING pc=0x0000029107647a82 sp=0x000000ed378f8d38 mode 2
Event: 11.110 Thread 0x0000029154ea9e20 Uncommon trap: trap_request=0xffffff4d fr.pc=0x0000029107c44068 relative=0x0000000000002268
Event: 11.110 Thread 0x0000029154ea9e20 Uncommon trap: reason=unstable_if action=reinterpret pc=0x0000029107c44068 method=java.net.URLStreamHandler.parseURL(Ljava/net/URL;Ljava/lang/String;II)V @ 145 c2
Event: 11.110 Thread 0x0000029154ea9e20 DEOPT PACKING pc=0x0000029107c44068 sp=0x000000ed378fce70
Event: 11.110 Thread 0x0000029154ea9e20 DEOPT UNPACKING pc=0x0000029107647a82 sp=0x000000ed378fce00 mode 2

Classes loaded (20 events):
Event: 10.924 Loading class java/util/concurrent/Executors$RunnableAdapter
Event: 10.924 Loading class java/util/concurrent/Executors$RunnableAdapter done
Event: 10.925 Loading class java/util/concurrent/ThreadPoolExecutor$Worker
Event: 10.925 Loading class java/util/concurrent/ThreadPoolExecutor$Worker done
Event: 10.927 Loading class java/util/concurrent/locks/AbstractQueuedSynchronizer$ExclusiveNode
Event: 10.927 Loading class java/util/concurrent/locks/AbstractQueuedSynchronizer$ExclusiveNode done
Event: 10.927 Loading class java/util/concurrent/locks/AbstractQueuedSynchronizer$ConditionNode
Event: 10.928 Loading class java/util/concurrent/locks/AbstractQueuedSynchronizer$ConditionNode done
Event: 10.932 Loading class jdk/internal/event/ThreadSleepEvent
Event: 10.933 Loading class jdk/internal/event/ThreadSleepEvent done
Event: 10.953 Loading class java/util/concurrent/CompletableFuture
Event: 10.953 Loading class java/util/concurrent/CompletionStage
Event: 10.953 Loading class java/util/concurrent/CompletionStage done
Event: 10.953 Loading class java/util/concurrent/CompletableFuture done
Event: 10.983 Loading class java/lang/ExceptionInInitializerError
Event: 10.983 Loading class java/lang/ExceptionInInitializerError done
Event: 11.071 Loading class javax/naming/Referenceable
Event: 11.071 Loading class javax/naming/Referenceable done
Event: 11.160 Loading class java/lang/instrument/ClassFileTransformer
Event: 11.160 Loading class java/lang/instrument/ClassFileTransformer done

Classes unloaded (0 events):
No events

Classes redefined (0 events):
No events

Internal exceptions (20 events):
Event: 10.413 Thread 0x0000029154ea9e20 Exception <a 'java/lang/NoSuchMethodError'{0x0000000704918050}: 'int java.lang.invoke.DirectMethodHandle$Holder.invokeSpecial(java.lang.Object, java.lang.Object, int)'> (0x0000000704918050) 
thrown [s\open\src\hotspot\share\interpreter\linkResolver.cpp, line 805]
Event: 10.415 Thread 0x0000029154ea9e20 Exception <a 'java/lang/NoSuchMethodError'{0x0000000704939758}: 'void java.lang.invoke.DirectMethodHandle$Holder.invokeStatic(java.lang.Object, java.lang.Object, java.lang.Object, int, java.lang.Object)'> (0x0000000704939758) 
thrown [s\open\src\hotspot\share\interpreter\linkResolver.cpp, line 805]
Event: 10.426 Thread 0x0000029154ea9e20 Exception <a 'java/lang/NoSuchMethodError'{0x0000000704624dc8}: 'void java.lang.invoke.DirectMethodHandle$Holder.invokeStatic(java.lang.Object, int, java.lang.Object)'> (0x0000000704624dc8) 
thrown [s\open\src\hotspot\share\interpreter\linkResolver.cpp, line 805]
Event: 10.478 Thread 0x0000029154ea9e20 Exception <a 'java/lang/NoSuchMethodError'{0x00000007044a52b0}: 'java.lang.Object java.lang.invoke.DirectMethodHandle$Holder.invokeVirtual(java.lang.Object, java.lang.Object, java.lang.Object, java.lang.Object, java.lang.Object)'> (0x00000007044a52b0) 
thrown [s\open\src\hotspot\share\interpreter\linkResolver.cpp, line 805]
Event: 10.539 Thread 0x0000029154ea9e20 Exception <a 'java/lang/NoSuchMethodError'{0x0000000704228da0}: 'java.lang.Object java.lang.invoke.DirectMethodHandle$Holder.invokeStaticInit(java.lang.Object, int, int, int, int)'> (0x0000000704228da0) 
thrown [s\open\src\hotspot\share\interpreter\linkResolver.cpp, line 805]
Event: 10.561 Thread 0x0000029154ea9e20 Exception <a 'java/lang/NoSuchMethodError'{0x0000000704256d48}: 'java.lang.Object java.lang.invoke.DirectMethodHandle$Holder.invokeStaticInit(java.lang.Object, java.lang.Object, int, int, int, int)'> (0x0000000704256d48) 
thrown [s\open\src\hotspot\share\interpreter\linkResolver.cpp, line 805]
Event: 10.735 Thread 0x0000029154ea9e20 Exception <a 'java/lang/NoSuchMethodError'{0x000000070f973e40}: 'int java.lang.invoke.DirectMethodHandle$Holder.invokeVirtual(java.lang.Object, java.lang.Object, java.lang.Object, java.lang.Object)'> (0x000000070f973e40) 
thrown [s\open\src\hotspot\share\interpreter\linkResolver.cpp, line 805]
Event: 10.735 Thread 0x0000029154ea9e20 Exception <a 'java/lang/NoSuchMethodError'{0x000000070f97c390}: 'int java.lang.invoke.DelegatingMethodHandle$Holder.reinvoke_L(java.lang.Object, java.lang.Object, java.lang.Object, java.lang.Object)'> (0x000000070f97c390) 
thrown [s\open\src\hotspot\share\interpreter\linkResolver.cpp, line 805]
Event: 10.770 Thread 0x0000029154ea9e20 Exception <a 'java/io/FileNotFoundException'{0x000000070f688530}> (0x000000070f688530) 
thrown [s\open\src\hotspot\share\prims\jni.cpp, line 518]
Event: 10.786 Thread 0x0000029154ea9e20 Exception <a 'java/io/IOException'{0x000000070f782348}> (0x000000070f782348) 
thrown [s\open\src\hotspot\share\prims\jni.cpp, line 518]
Event: 10.787 Thread 0x0000029154ea9e20 Exception <a 'java/io/IOException'{0x000000070f782a68}> (0x000000070f782a68) 
thrown [s\open\src\hotspot\share\prims\jni.cpp, line 518]
Event: 10.787 Thread 0x0000029154ea9e20 Exception <a 'java/io/IOException'{0x000000070f783178}> (0x000000070f783178) 
thrown [s\open\src\hotspot\share\prims\jni.cpp, line 518]
Event: 10.807 Thread 0x0000029154ea9e20 Exception <a 'java/io/IOException'{0x000000070f7e0798}> (0x000000070f7e0798) 
thrown [s\open\src\hotspot\share\prims\jni.cpp, line 518]
Event: 10.809 Thread 0x0000029154ea9e20 Exception <a 'java/io/IOException'{0x000000070f7e4238}> (0x000000070f7e4238) 
thrown [s\open\src\hotspot\share\prims\jni.cpp, line 518]
Event: 10.809 Thread 0x0000029154ea9e20 Exception <a 'java/io/IOException'{0x000000070f7e4d10}> (0x000000070f7e4d10) 
thrown [s\open\src\hotspot\share\prims\jni.cpp, line 518]
Event: 10.818 Thread 0x0000029154ea9e20 Exception <a 'java/lang/NoSuchMethodError'{0x000000070ee43d68}: 'int java.lang.invoke.DirectMethodHandle$Holder.invokeInterface(java.lang.Object, java.lang.Object, java.lang.Object, java.lang.Object)'> (0x000000070ee43d68) 
thrown [s\open\src\hotspot\share\interpreter\linkResolver.cpp, line 805]
Event: 10.899 Thread 0x0000029154ea9e20 Exception <a 'java/lang/NoSuchMethodError'{0x000000070ecce430}: 'long java.lang.invoke.DirectMethodHandle$Holder.invokeVirtual(java.lang.Object, java.lang.Object)'> (0x000000070ecce430) 
thrown [s\open\src\hotspot\share\interpreter\linkResolver.cpp, line 805]
Event: 10.916 Thread 0x0000029154ea9e20 Exception <a 'java/io/FileNotFoundException'{0x000000070ed009c8}> (0x000000070ed009c8) 
thrown [s\open\src\hotspot\share\prims\jni.cpp, line 518]
Event: 10.951 Thread 0x0000029154ea9e20 Exception <a 'java/lang/NoSuchMethodError'{0x000000070eaa9d48}: 'void java.lang.invoke.DirectMethodHandle$Holder.invokeVirtual(java.lang.Object, java.lang.Object, long)'> (0x000000070eaa9d48) 
thrown [s\open\src\hotspot\share\interpreter\linkResolver.cpp, line 805]
Event: 11.026 Thread 0x0000029154ea9e20 Exception <a 'java/lang/NoSuchMethodError'{0x000000070e9738f0}: 'java.lang.Object java.lang.invoke.DirectMethodHandle$Holder.newInvokeSpecial(java.lang.Object, java.lang.Object, java.lang.Object, java.lang.Object, java.lang.Object, java.lang.Object, java.lang.Object, java.lang.Object, java.lang.Object, java.lang.Object, java.lang.Object, java.lang.Object)'> (0x000000070e9738f0) 
thrown [s\open\src\hotspot\share\interpreter\linkResolver.cpp, line 805]

VM Operations (20 events):
Event: 8.914 Executing VM operation: HandshakeAllThreads (Deoptimize)
Event: 8.914 Executing VM operation: HandshakeAllThreads (Deoptimize) done
Event: 9.065 Executing VM operation: G1CollectForAllocation (G1 Evacuation Pause)
Event: 9.084 Executing VM operation: G1CollectForAllocation (G1 Evacuation Pause) done
Event: 9.674 Executing VM operation: HandshakeAllThreads (Deoptimize)
Event: 9.674 Executing VM operation: HandshakeAllThreads (Deoptimize) done
Event: 9.745 Executing VM operation: HandshakeAllThreads (Deoptimize)
Event: 9.745 Executing VM operation: HandshakeAllThreads (Deoptimize) done
Event: 10.311 Executing VM operation: HandshakeAllThreads (Deoptimize)
Event: 10.311 Executing VM operation: HandshakeAllThreads (Deoptimize) done
Event: 10.615 Executing VM operation: G1CollectForAllocation (G1 Evacuation Pause)
Event: 10.623 Executing VM operation: G1CollectForAllocation (G1 Evacuation Pause) done
Event: 10.675 Executing VM operation: HandshakeAllThreads (Deoptimize)
Event: 10.675 Executing VM operation: HandshakeAllThreads (Deoptimize) done
Event: 10.796 Executing VM operation: HandshakeAllThreads (Deoptimize)
Event: 10.796 Executing VM operation: HandshakeAllThreads (Deoptimize) done
Event: 10.845 Executing VM operation: HandshakeAllThreads (Deoptimize)
Event: 10.845 Executing VM operation: HandshakeAllThreads (Deoptimize) done
Event: 10.920 Executing VM operation: HandshakeAllThreads (Deoptimize)
Event: 10.920 Executing VM operation: HandshakeAllThreads (Deoptimize) done

Memory protections (0 events):
No events

Nmethod flushes (0 events):
No events

Events (20 events):
Event: 0.067 Thread 0x000002916924aa30 Thread added: 0x0000029154025260
Event: 0.067 Thread 0x000002916924aa30 Thread added: 0x0000029154056fa0
Event: 0.155 Thread 0x000002916924aa30 Thread added: 0x00000291540f81d0
Event: 1.527 Thread 0x0000029154025260 Thread added: 0x0000029154218d70
Event: 1.766 Thread 0x0000029154218d70 Thread exited: 0x0000029154218d70
Event: 4.800 Thread 0x000002916924aa30 Thread added: 0x000002915461b7a0
Event: 4.800 Thread 0x000002916924aa30 Thread added: 0x000002915461c0f0
Event: 5.063 Thread 0x0000029154056fa0 Thread added: 0x00000291548ff4a0
Event: 5.087 Thread 0x0000029154056fa0 Thread added: 0x0000029154cb60c0
Event: 5.440 Thread 0x000002916924aa30 Thread added: 0x0000029154ea48f0
Event: 5.444 Thread 0x0000029154ea48f0 Thread added: 0x0000029154ea9e20
Event: 6.225 Thread 0x0000029154ea9e20 Thread added: 0x00000291550d6c00
Event: 7.440 Thread 0x0000029154ea9e20 Thread added: 0x00000291562edde0
Event: 7.563 Thread 0x00000291562edde0 Thread exited: 0x00000291562edde0
Event: 7.692 Thread 0x00000291550d6c00 Thread exited: 0x00000291550d6c00
Event: 10.666 Thread 0x0000029154cb60c0 Thread exited: 0x0000029154cb60c0
Event: 10.833 Thread 0x0000029154056fa0 Thread added: 0x0000029156b3c840
Event: 10.926 Thread 0x0000029154ea9e20 Thread added: 0x0000029156277260
Event: 10.927 Thread 0x0000029156277260 Thread added: 0x0000029156276b10
Event: 10.932 Thread 0x0000029154ea9e20 Thread added: 0x00000291562763c0


Dynamic libraries:
0x00007ff7c5170000 - 0x00007ff7c517e000 	C:\Users\thoma\.jdks\openjdk-24\bin\java.exe
0x00007fff0cd20000 - 0x00007fff0cf87000 	C:\WINDOWS\SYSTEM32\ntdll.dll
0x00007fff0bd80000 - 0x00007fff0be49000 	C:\WINDOWS\System32\KERNEL32.DLL
0x00007fff0a120000 - 0x00007fff0a50f000 	C:\WINDOWS\System32\KERNELBASE.dll
0x00007fff0a970000 - 0x00007fff0aabb000 	C:\WINDOWS\System32\ucrtbase.dll
0x00007fff031f0000 - 0x00007fff03206000 	C:\Users\thoma\.jdks\openjdk-24\bin\jli.dll
0x00007fff04920000 - 0x00007fff0493b000 	C:\Users\thoma\.jdks\openjdk-24\bin\VCRUNTIME140.dll
0x00007fff0c260000 - 0x00007fff0c425000 	C:\WINDOWS\System32\USER32.dll
0x00007fff0a650000 - 0x00007fff0a677000 	C:\WINDOWS\System32\win32u.dll
0x00007ffef5f50000 - 0x00007ffef61e3000 	C:\WINDOWS\WinSxS\amd64_microsoft.windows.common-controls_6595b64144ccf1df_6.0.26100.7309_none_3e05feeae336a044\COMCTL32.dll
0x00007fff0b380000 - 0x00007fff0b3ab000 	C:\WINDOWS\System32\GDI32.dll
0x00007fff0be50000 - 0x00007fff0bef9000 	C:\WINDOWS\System32\msvcrt.dll
0x00007fff0a520000 - 0x00007fff0a64c000 	C:\WINDOWS\System32\gdi32full.dll
0x00007fff0a740000 - 0x00007fff0a7e3000 	C:\WINDOWS\System32\msvcp_win.dll
0x00007fff0cca0000 - 0x00007fff0ccd1000 	C:\WINDOWS\System32\IMM32.DLL
0x00007fff04ae0000 - 0x00007fff04aec000 	C:\Users\thoma\.jdks\openjdk-24\bin\vcruntime140_1.dll
0x00007ffef2e80000 - 0x00007ffef2f0e000 	C:\Users\thoma\.jdks\openjdk-24\bin\msvcp140.dll
0x00007ffe17770000 - 0x00007ffe18512000 	C:\Users\thoma\.jdks\openjdk-24\bin\server\jvm.dll
0x00007fff0ac20000 - 0x00007fff0acd4000 	C:\WINDOWS\System32\ADVAPI32.dll
0x00007fff0c1b0000 - 0x00007fff0c256000 	C:\WINDOWS\System32\sechost.dll
0x00007fff0b260000 - 0x00007fff0b378000 	C:\WINDOWS\System32\RPCRT4.dll
0x00007fff0c0d0000 - 0x00007fff0c144000 	C:\WINDOWS\System32\WS2_32.dll
0x00007fff09cd0000 - 0x00007fff09d2e000 	C:\WINDOWS\SYSTEM32\POWRPROF.dll
0x00007ffeff790000 - 0x00007ffeff79b000 	C:\WINDOWS\SYSTEM32\VERSION.dll
0x00007ffef6d80000 - 0x00007ffef6db5000 	C:\WINDOWS\SYSTEM32\WINMM.dll
0x00007fff09cb0000 - 0x00007fff09cc4000 	C:\WINDOWS\SYSTEM32\UMPDC.dll
0x00007fff08bf0000 - 0x00007fff08c0b000 	C:\WINDOWS\SYSTEM32\kernel.appcore.dll
0x00007fff049f0000 - 0x00007fff049fa000 	C:\Users\thoma\.jdks\openjdk-24\bin\jimage.dll
0x00007fff07630000 - 0x00007fff07872000 	C:\WINDOWS\SYSTEM32\DBGHELP.DLL
0x00007fff0ace0000 - 0x00007fff0b065000 	C:\WINDOWS\System32\combase.dll
0x00007fff0aac0000 - 0x00007fff0ab96000 	C:\WINDOWS\System32\OLEAUT32.dll
0x00007ffee8410000 - 0x00007ffee844c000 	C:\WINDOWS\SYSTEM32\dbgcore.DLL
0x00007fff09e70000 - 0x00007fff09f15000 	C:\WINDOWS\System32\bcryptPrimitives.dll
0x00007ffeff8d0000 - 0x00007ffeff8df000 	C:\Users\thoma\.jdks\openjdk-24\bin\instrument.dll
0x00007ffef9af0000 - 0x00007ffef9b0e000 	C:\Users\thoma\.jdks\openjdk-24\bin\java.dll
0x00007fff0bf00000 - 0x00007fff0c097000 	C:\WINDOWS\System32\ole32.dll
0x00007fff0c540000 - 0x00007fff0cc93000 	C:\WINDOWS\System32\SHELL32.dll
0x00007fff09fb0000 - 0x00007fff0a11a000 	C:\WINDOWS\System32\wintypes.dll
0x00007fff07a50000 - 0x00007fff082ae000 	C:\WINDOWS\SYSTEM32\windows.storage.dll
0x00007fff0b3b0000 - 0x00007fff0b4a5000 	C:\WINDOWS\System32\SHCORE.dll
0x00007fff0c4c0000 - 0x00007fff0c526000 	C:\WINDOWS\System32\shlwapi.dll
0x00007fff09d90000 - 0x00007fff09db9000 	C:\WINDOWS\SYSTEM32\profapi.dll
0x00007ffeebd40000 - 0x00007ffeebe17000 	C:\Users\thoma\.jdks\openjdk-24\bin\jsvml.dll
0x00007ffef9a10000 - 0x00007ffef9a27000 	C:\Users\thoma\.jdks\openjdk-24\bin\zip.dll
0x00007fff031e0000 - 0x00007fff031f0000 	C:\Users\thoma\.jdks\openjdk-24\bin\net.dll
0x00007fff09170000 - 0x00007fff091db000 	C:\WINDOWS\system32\mswsock.dll
0x00007ffef9a30000 - 0x00007ffef9a46000 	C:\Users\thoma\.jdks\openjdk-24\bin\nio.dll
0x00007ffef99f0000 - 0x00007ffef99f9000 	C:\Users\thoma\.jdks\openjdk-24\bin\extnet.dll
0x00007ffef99e0000 - 0x00007ffef99ea000 	C:\Users\thoma\.jdks\openjdk-24\bin\management.dll
0x00007ffef99d0000 - 0x00007ffef99db000 	C:\Users\thoma\.jdks\openjdk-24\bin\management_ext.dll
0x00007fff0c430000 - 0x00007fff0c438000 	C:\WINDOWS\System32\PSAPI.DLL
0x00007ffef9a00000 - 0x00007ffef9a0e000 	C:\Users\thoma\.jdks\openjdk-24\bin\sunmscapi.dll
0x00007fff0a7f0000 - 0x00007fff0a967000 	C:\WINDOWS\System32\CRYPT32.dll
0x00007fff09670000 - 0x00007fff096a0000 	C:\WINDOWS\SYSTEM32\ncrypt.dll
0x00007fff09620000 - 0x00007fff0965f000 	C:\WINDOWS\SYSTEM32\NTASN1.dll
0x00007fff09450000 - 0x00007fff0946b000 	C:\WINDOWS\SYSTEM32\CRYPTSP.dll
0x00007fff08b40000 - 0x00007fff08b7a000 	C:\WINDOWS\system32\rsaenh.dll
0x00007fff09220000 - 0x00007fff0924b000 	C:\WINDOWS\SYSTEM32\USERENV.dll
0x00007fff09d60000 - 0x00007fff09d8a000 	C:\WINDOWS\SYSTEM32\bcrypt.dll
0x00007fff09470000 - 0x00007fff0947c000 	C:\WINDOWS\SYSTEM32\CRYPTBASE.dll
0x00007fff085d0000 - 0x00007fff08604000 	C:\WINDOWS\SYSTEM32\IPHLPAPI.DLL
0x00007fff0c530000 - 0x00007fff0c53a000 	C:\WINDOWS\System32\NSI.dll

dbghelp: loaded successfully - version: 4.0.5 - missing functions: none
symbol engine: initialized successfully - sym options: 0x614 - pdb path: .;C:\Users\thoma\.jdks\openjdk-24\bin;C:\WINDOWS\SYSTEM32;C:\WINDOWS\WinSxS\amd64_microsoft.windows.common-controls_6595b64144ccf1df_6.0.26100.7309_none_3e05feeae336a044;C:\Users\thoma\.jdks\openjdk-24\bin\server

VM Arguments:
jvm_args: -javaagent:C:\Program Files\JetBrains\IntelliJ IDEA Community Edition 2024.3.5\lib\idea_rt.jar=57847 -Dfile.encoding=UTF-8 -Dsun.stdout.encoding=UTF-8 -Dsun.stderr.encoding=UTF-8 
java_command: com.Webshop.ClassAssignment.ItVitae.Webshop.WebshopApplication
java_class_path (initial): C:\Users\thoma\Webshop\backend\target\classes;C:\Users\thoma\.m2\repository\org\springframework\boot\spring-boot-starter-data-jpa\4.0.0\spring-boot-starter-data-jpa-4.0.0.jar;C:\Users\thoma\.m2\repository\org\springframework\boot\spring-boot-starter\4.0.0\spring-boot-starter-4.0.0.jar;C:\Users\thoma\.m2\repository\org\springframework\boot\spring-boot-starter-logging\4.0.0\spring-boot-starter-logging-4.0.0.jar;C:\Users\thoma\.m2\repository\ch\qos\logback\logback-classic\1.5.21\logback-classic-1.5.21.jar;C:\Users\thoma\.m2\repository\ch\qos\logback\logback-core\1.5.21\logback-core-1.5.21.jar;C:\Users\thoma\.m2\repository\org\apache\logging\log4j\log4j-to-slf4j\2.25.2\log4j-to-slf4j-2.25.2.jar;C:\Users\thoma\.m2\repository\org\apache\logging\log4j\log4j-api\2.25.2\log4j-api-2.25.2.jar;C:\Users\thoma\.m2\repository\org\slf4j\jul-to-slf4j\2.0.17\jul-to-slf4j-2.0.17.jar;C:\Users\thoma\.m2\repository\jakarta\annotation\jakarta.annotation-api\3.0.0\jakarta.annotation-api-3.0.0.jar;C:\Users\thoma\.m2\repository\org\yaml\snakeyaml\2.5\snakeyaml-2.5.jar;C:\Users\thoma\.m2\repository\org\springframework\boot\spring-boot-starter-jdbc\4.0.0\spring-boot-starter-jdbc-4.0.0.jar;C:\Users\thoma\.m2\repository\com\zaxxer\HikariCP\7.0.2\HikariCP-7.0.2.jar;C:\Users\thoma\.m2\repository\org\slf4j\slf4j-api\2.0.17\slf4j-api-2.0.17.jar;C:\Users\thoma\.m2\repository\org\springframework\boot\spring-boot-data-jpa\4.0.0\spring-boot-data-jpa-4.0.0.jar;C:\Users\thoma\.m2\repository\org\springframework\boot\spring-boot-data-commons\4.0.0\spring-boot-data-commons-4.0.0.jar;C:\Users\thoma\.m2\repository\org\springframework\boot\spring-boot-persistence\4.0.0\spring-boot-persistence-4.0.0.jar;C:\Users\thoma\.m2\repository\org\springframework\data\spring-data-commons\4.0.0\spring-data-commons-4.0.0.jar;C:\Users\thoma\.m2\repository\org\springframework\boot\spring-boot-hibernate\4.0.0\spring-boot-hibernate-4.0.0.jar;C:\Users\thoma\.m2\repository\org\springframework\boot\spring-boot-jpa\4.0.0\spring-boot-jpa-4.0.0.jar;C:\Users\thoma\.m2\repository\jakarta\persistence\jakarta.persistence-api\3.2.0\jakarta.persistence-api-3.2.0.jar;C:\Users\thoma\.m2\repository\org\hibernate\orm\hibernate-core\7.1.8.Final\hibernate-core-7.1.8.Final.jar;C:\Users\thoma\.m2\repository\jakarta\transaction\jakarta.transaction-api\2.0.1\jakarta.transaction-api-2.0.1.jar;C:\Users\thoma\.m2\repository\org\hibernate\models\hibernate-models\1.0.1\hibernate-models-1.0.1.jar;C:\Users\thoma\.m2\repository\org\glassfish\jaxb\jaxb-runtime\4.0.6\jaxb-runtime-4.0.6.jar;C:\Users\thoma\.m2\repository\org\glassfish\jaxb\jaxb-core\4.0.6\jaxb-core-4.0.6.jar;C:\Users\thoma\.m2\repository\org\eclipse\angus\angus-activation\2.0.3\angus-activation-2.0.3.jar;C:\Users\thoma\.m2\repository\org\glassfish\jaxb\txw2\4.0.6\txw2-4.0.6.jar;C:\Users\thoma\.m2\repository\com\sun\istack\istack-commons-runtime\4.1.2\istack-commons-runtime-4.1.2.jar;C:\Users\thoma\.m2\repository\jakarta\inject\jakarta.inject-api\2.0.1\jakarta.inject-api-2.0.1.jar;C:\Users\thoma\.m2\repository\org\springframework\spring-orm\7.0.1\spring-orm-7.0.1.jar;C:\Users\thoma\.m2\repository\org\springframework\data\spring-data-jpa\4.0.0\spring-data-jpa-4.0.0.jar;C:\Users\thoma\.m2\repository\org\springframework\spring-tx\7.0.1\spring-tx-7.0.1.jar;C:\Users\thoma\.m2\repository\org\antlr\antlr4-runtime\4.13.2\antlr4-runtime-4.13.2.jar;C:\Users\thoma\.m2\repository\org\springframework\spring-aspects\7.0.1\spring-aspects-7.0.1.jar;C:\Users\thoma\.m2\repository\org\aspectj\aspectjweaver\1.9.25\aspectjweaver-1.9.25.jar;C:\Users\thoma\.m2\repository\org\springframework\boot\spring-boot-jdbc\4.0.0\spring-boot-jdbc-4.0.0.jar;C:\Users\thoma\.m2\repository\org\springframework\boot\spring-boot-sql\4.0.0\spring-boot-sql-4.0.0.jar;C:\Users\thoma\.m2\repository\org\springframework\boot\spring-boot-transaction\4.0.0\spring-boot-transaction-4.0.0.jar;C:\Users\thoma\.m2\repository\org\springframework\spring-jdbc\7.0.1\spring-jdbc-7.0.1.jar;C:\Users\thoma\.m2\repository\org\springframework\boot\spring-boot-starter-security\4.0.0\spring-boot-starter-security-4.0.0.jar;C:\Users\thoma\.m2\repository\org\springframework\boot\spring-boot-security\4.0.0\spring-boot-security-4.0.0.jar;C:\Users\thoma\.m2\repository\org\springframework\security\spring-security-config\7.0.0\spring-security-config-7.0.0.jar;C:\Users\thoma\.m2\repository\org\springframework\security\spring-security-core\7.0.0\spring-security-core-7.0.0.jar;C:\Users\thoma\.m2\repository\org\springframework\security\spring-security-crypto\7.0.0\spring-security-crypto-7.0.0.jar;C:\Users\thoma\.m2\repository\org\springframework\security\spring-security-web\7.0.0\spring-security-web-7.0.0.jar;C:\Users\thoma\.m2\repository\org\springframework\spring-expression\7.0.1\spring-expression-7.0.1.jar;C:\Users\thoma\.m2\repository\org\springframework\spring-aop\7.0.1\spring-aop-7.0.1.jar;C:\Users\thoma\.m2\repository\org\springframework\spring-beans\7.0.1\spring-beans-7.0.1.jar;C:\Users\thoma\.m2\repository\org\springframework\spring-core\7.0.1\spring-core-7.0.1.jar;C:\Users\thoma\.m2\repository\commons-logging\commons-logging\1.3.5\commons-logging-1.3.5.jar;C:\Users\thoma\.m2\repository\org\jspecify\jspecify\1.0.0\jspecify-1.0.0.jar;C:\Users\thoma\.m2\repository\org\springframework\boot\spring-boot-starter-validation\4.0.0\spring-boot-starter-validation-4.0.0.jar;C:\Users\thoma\.m2\repository\org\springframework\boot\spring-boot-validation\4.0.0\spring-boot-validation-4.0.0.jar;C:\Users\thoma\.m2\repository\org\apache\tomcat\embed\tomcat-embed-el\11.0.14\tomcat-embed-el-11.0.14.jar;C:\Users\thoma\.m2\repository\org\hibernate\validator\hibernate-validator\9.0.1.Final\hibernate-validator-9.0.1.Final.jar;C:\Users\thoma\.m2\repository\jakarta\validation\jakarta.validation-api\3.1.1\jakarta.validation-api-3.1.1.jar;C:\Users\thoma\.m2\repository\org\jboss\logging\jboss-logging\3.6.1.Final\jboss-logging-3.6.1.Final.jar;C:\Users\thoma\.m2\repository\com\fasterxml\classmate\1.7.1\classmate-1.7.1.jar;C:\Users\thoma\.m2\repository\org\springframework\boot\spring-boot-starter-webmvc\4.0.0\spring-boot-starter-webmvc-4.0.0.jar;C:\Users\thoma\.m2\repository\org\springframework\boot\spring-boot-starter-jackson\4.0.0\spring-boot-starter-jackson-4.0.0.jar;C:\Users\thoma\.m2\repository\org\springframework\boot\spring-boot-jackson\4.0.0\spring-boot-jackson-4.0.0.jar;C:\Users\thoma\.m2\repository\tools\jackson\core\jackson-databind\3.0.2\jackson-databind-3.0.2.jar;C:\Users\thoma\.m2\repository\com\fasterxml\jackson\core\jackson-annotations\2.20\jackson-annotations-2.20.jar;C:\Users\thoma\.m2\repository\tools\jackson\core\jackson-core\3.0.2\jackson-core-3.0.2.jar;C:\Users\thoma\.m2\repository\org\springframework\boot\spring-boot-starter-tomcat\4.0.0\spring-boot-starter-tomcat-4.0.0.jar;C:\Users\thoma\.m2\repository\org\springframework\boot\spring-boot-starter-tomcat-runtime\4.0.0\spring-boot-starter-tomcat-runtime-4.0.0.jar;C:\Users\thoma\.m2\repository\org\apache\tomcat\embed\tomcat-embed-core\11.0.14\tomcat-embed-core-11.0.14.jar;C:\Users\thoma\.m2\repository\org\apache\tomcat\embed\tomcat-embed-websocket\11.0.14\tomcat-embed-websocket-11.0.14.jar;C:\Users\thoma\.m2\repository\org\springframework\boot\spring-boot-tomcat\4.0.0\spring-boot-tomcat-4.0.0.jar;C:\Users\thoma\.m2\repository\org\springframework\boot\spring-boot-http-converter\4.0.0\spring-boot-http-converter-4.0.0.jar;C:\Users\thoma\.m2\repository\org\springframework\spring-web\7.0.1\spring-web-7.0.1.jar;C:\Users\thoma\.m2\repository\io\micrometer\micrometer-observation\1.16.0\micrometer-observation-1.16.0.jar;C:\Users\thoma\.m2\repository\io\micrometer\micrometer-commons\1.16.0\micrometer-commons-1.16.0.jar;C:\Users\thoma\.m2\repository\org\springframework\boot\spring-boot-webmvc\4.0.0\spring-boot-webmvc-4.0.0.jar;C:\Users\thoma\.m2\repository\org\springframework\boot\spring-boot-servlet\4.0.0\spring-boot-servlet-4.0.0.jar;C:\Users\thoma\.m2\repository\org\springframework\spring-webmvc\7.0.1\spring-webmvc-7.0.1.jar;C:\Users\thoma\.m2\repository\org\springframework\boot\spring-boot-devtools\4.0.0\spring-boot-devtools-4.0.0.jar;C:\Users\thoma\.m2\repository\org\springframework\boot\spring-boot\4.0.0\spring-boot-4.0.0.jar;C:\Users\thoma\.m2\repository\org\springframework\spring-context\7.0.1\spring-context-7.0.1.jar;C:\Users\thoma\.m2\repository\org\springframework\boot\spring-boot-autoconfigure\4.0.0\spring-boot-autoconfigure-4.0.0.jar;C:\Users\thoma\.m2\repository\org\postgresql\postgresql\42.7.8\postgresql-42.7.8.jar;C:\Users\thoma\.m2\repository\org\checkerframework\checker-qual\3.49.5\checker-qual-3.49.5.jar;C:\Users\thoma\.m2\repository\jakarta\xml\bind\jakarta.xml.bind-api\4.0.4\jakarta.xml.bind-api-4.0.4.jar;C:\Users\thoma\.m2\repository\jakarta\activation\jakarta.activation-api\2.1.4\jakarta.activation-api-2.1.4.jar;C:\Users\thoma\.m2\repository\net\bytebuddy\byte-buddy\1.17.8\byte-buddy-1.17.8.jar;C:\Users\thoma\.m2\repository\org\springframework\boot\spring-boot-web-server\4.0.0\spring-boot-web-server-4.0.0.jar
Launcher Type: SUN_STANDARD

[Global flags]
     intx CICompilerCount                          = 4                                         {product} {ergonomic}
     uint ConcGCThreads                            = 3                                         {product} {ergonomic}
     uint G1ConcRefinementThreads                  = 10                                        {product} {ergonomic}
   size_t G1HeapRegionSize                         = 2097152                                   {product} {ergonomic}
   size_t InitialHeapSize                          = 266338304                                 {product} {ergonomic}
   size_t MarkStackSize                            = 4194304                                   {product} {ergonomic}
   size_t MarkStackSizeMax                         = 536870912                                 {product} {ergonomic}
   size_t MaxHeapSize                              = 4253024256                                {product} {ergonomic}
   size_t MaxNewSize                               = 2550136832                                {product} {ergonomic}
   size_t MinHeapDeltaBytes                        = 2097152                                   {product} {ergonomic}
   size_t MinHeapSize                              = 8388608                                   {product} {ergonomic}
    uintx NonNMethodCodeHeapSize                   = 5832704                                {pd product} {ergonomic}
    uintx NonProfiledCodeHeapSize                  = 122945536                              {pd product} {ergonomic}
    uintx ProfiledCodeHeapSize                     = 122880000                              {pd product} {ergonomic}
    uintx ReservedCodeCacheSize                    = 251658240                              {pd product} {ergonomic}
     bool SegmentedCodeCache                       = true                                      {product} {ergonomic}
   size_t SoftMaxHeapSize                          = 4253024256                             {manageable} {ergonomic}
     bool UseCompressedOops                        = true                           {product lp64_product} {ergonomic}
     bool UseG1GC                                  = true                                      {product} {ergonomic}
     bool UseLargePagesIndividualAllocation        = false                                  {pd product} {ergonomic}

Logging:
Log output configuration:
 #0: stdout all=warning uptime,level,tags foldmultilines=false
 #1: stderr all=off uptime,level,tags foldmultilines=false

Environment Variables:
PATH=C:\Program Files\Common Files\Oracle\Java\javapath;C:\Windows\system32;C:\Windows;C:\Windows\System32\Wbem;C:\Windows\System32\WindowsPowerShell\v1.0\;C:\Windows\System32\OpenSSH\;C:\Program Files\NVIDIA Corporation\NVIDIA NGX;C:\Program Files (x86)\NVIDIA Corporation\PhysX\Common;C:\Program Files\NVIDIA Corporation\NVIDIA NvDLISR;C:\WINDOWS\system32;C:\WINDOWS;C:\WINDOWS\System32\Wbem;C:\WINDOWS\System32\WindowsPowerShell\v1.0\;C:\WINDOWS\System32\OpenSSH\;C:\Program Files\Microsoft SQL Server\130\Tools\Binn\;C:\WINDOWS\system32;C:\WINDOWS;C:\WINDOWS\System32\Wbem;C:\WINDOWS\System32\WindowsPowerShell\v1.0\;C:\WINDOWS\System32\OpenSSH\;C:\Program Files\Git\cmd;C:\Program Files\Apache\Maven\apache-maven-3.9.10-bin\bin;C:\Program Files\Tesseract-OCR\;C:\Program Files (x86)\Nodist\bin;C:\Program Files (x86)\PowerShell\7\;C:\Users\thoma\AppData\Local\Microsoft\WindowsApps;C:\Users\thoma\.dotnet\tools;C:\Users\thoma\AppData\Local\Programs\Microsoft VS Code\bin;C:\Users\thoma\AppData\Local\Microsoft\WinGet\Links;
USERNAME=thoma
OS=Windows_NT
PROCESSOR_IDENTIFIER=Intel64 Family 6 Model 158 Stepping 10, GenuineIntel
TMP=C:\Users\thoma\AppData\Local\Temp
TEMP=C:\Users\thoma\AppData\Local\Temp




Periodic native trim disabled

---------------  S Y S T E M  ---------------

OS:
 Windows 11 , 64 bit Build 26100 (10.0.26100.7309)
OS uptime: 0 days 2:30 hours
Hyper-V role detected

CPU: total 12 (initial active 12) (6 cores per cpu, 2 threads per core) family 6 model 158 stepping 10 microcode 0xde, cx8, cmov, fxsr, ht, mmx, 3dnowpref, sse, sse2, sse3, ssse3, sse4.1, sse4.2, popcnt, lzcnt, tsc, tscinvbit, avx, avx2, aes, erms, clmul, bmi1, bmi2, adx, fma, vzeroupper, clflush, clflushopt, hv, rdtscp, f16c
Processor Information for the first 12 processors :
  Max Mhz: 2592, Current Mhz: 2592, Mhz Limit: 2592

Memory: 4k page, system-wide physical 16221M (2622M free)
TotalPageFile size 20317M (AvailPageFile size 5M)
current process WorkingSet (physical memory assigned to process): 234M, peak: 234M
current process commit charge ("private bytes"): 276M, peak: 408M

vm_info: OpenJDK 64-Bit Server VM (24+36-3646) for windows-amd64 JRE (24+36-3646), built on 2025-02-06T00:20:43Z with MS VC++ 17.6 (VS2022)

END.
